
> Configure project :app
WARNING: The option setting 'android.builtInKotlin=false' is deprecated.
The current default is 'true'.
It will be removed in version 10.0 of the Android Gradle plugin.
WARNING: The option setting 'android.newDsl=false' is deprecated.
The current default is 'true'.
It will be removed in version 10.0 of the Android Gradle plugin.
WARNING: API 'applicationVariants' is obsolete and has been replaced with 'AndroidComponentsExtension'.
It will be removed in version 10.0 of the Android Gradle plugin.
The legacy variant API is disabled by default in AGP 9.0, but can be re-enabled by adding 
    android.newDsl=false
to this project's gradle.properties file.
For more information, see http://developer.android.com/build/r/new-dsl.

To determine what is calling applicationVariants, use -Pandroid.debug.obsoleteApi=true on the command line to display more information.
WARNING: API 'testVariants' is obsolete and has been replaced with 'AndroidComponentsExtension'.
It will be removed in version 10.0 of the Android Gradle plugin.
The legacy variant API is disabled by default in AGP 9.0, but can be re-enabled by adding 
    android.newDsl=false
to this project's gradle.properties file.
For more information, see http://developer.android.com/build/r/new-dsl.

To determine what is calling testVariants, use -Pandroid.debug.obsoleteApi=true on the command line to display more information.
WARNING: API 'unitTestVariants' is obsolete and has been replaced with 'AndroidComponentsExtension'.
It will be removed in version 10.0 of the Android Gradle plugin.
The legacy variant API is disabled by default in AGP 9.0, but can be re-enabled by adding 
    android.newDsl=false
to this project's gradle.properties file.
For more information, see http://developer.android.com/build/r/new-dsl.

To determine what is calling unitTestVariants, use -Pandroid.debug.obsoleteApi=true on the command line to display more information.
w: Deprecated 'org.jetbrains.kotlin.android' plugin usage
The 'org.jetbrains.kotlin.android' plugin in project ':app' is no longer required for Kotlin support since AGP 9.0.
Solution: Remove both `android.builtInKotlin=true` and `android.newDsl=false` from `gradle.properties`, then migrate to built-in Kotlin.
See https://kotl.in/gradle/agp-built-in-kotlin for more details.


> Task :app:preBuild UP-TO-DATE
> Task :app:preReleaseBuild UP-TO-DATE
> Task :app:mergeReleaseJniLibFolders UP-TO-DATE
> Task :app:mergeReleaseNativeLibs UP-TO-DATE
> Task :app:stripReleaseDebugSymbols UP-TO-DATE
> Task :app:extractReleaseNativeSymbolTables UP-TO-DATE
> Task :app:mergeReleaseNativeDebugMetadata NO-SOURCE
> Task :app:buildKotlinToolingMetadata UP-TO-DATE
> Task :app:checkReleaseDuplicateClasses UP-TO-DATE
> Task :app:checkKotlinGradlePluginConfigurationErrors SKIPPED
> Task :app:generateReleaseBuildConfig UP-TO-DATE
> Task :app:generateReleaseResources UP-TO-DATE
> Task :app:packageReleaseResources UP-TO-DATE
> Task :app:processReleaseNavigationResources UP-TO-DATE
> Task :app:parseReleaseLocalResources UP-TO-DATE
> Task :app:generateReleaseRFile UP-TO-DATE
> Task :app:javaPreCompileRelease UP-TO-DATE
> Task :app:mergeReleaseArtProfile UP-TO-DATE
> Task :app:checkReleaseAarMetadata UP-TO-DATE
> Task :app:mapReleaseSourceSetPaths UP-TO-DATE
> Task :app:compileReleaseNavigationResources UP-TO-DATE
> Task :app:mergeReleaseResources UP-TO-DATE
> Task :app:createReleaseCompatibleScreenManifests UP-TO-DATE
> Task :app:extractDeepLinksRelease UP-TO-DATE
> Task :app:processReleaseMainManifest UP-TO-DATE
> Task :app:processReleaseManifest UP-TO-DATE
> Task :app:processReleaseManifestForPackage UP-TO-DATE
> Task :app:processReleaseResources UP-TO-DATE
> Task :app:extractProguardFiles UP-TO-DATE
> Task :app:mergeReleaseStartupProfile UP-TO-DATE
> Task :app:generateReleaseAssets UP-TO-DATE
> Task :app:mergeReleaseAssets UP-TO-DATE
> Task :app:compressReleaseAssets UP-TO-DATE
> Task :app:extractReleaseVersionControlInfo UP-TO-DATE
> Task :app:collectReleaseDependencies UP-TO-DATE
> Task :app:sdkReleaseDependencyData UP-TO-DATE
> Task :app:validateSigningRelease UP-TO-DATE
> Task :app:writeReleaseAppMetadata UP-TO-DATE
> Task :app:writeReleaseSigningConfigVersions UP-TO-DATE
> Task :app:kspReleaseKotlin
> Task :app:compileReleaseKotlin
w: file:///D:/hxzhang/MyGithubSoftware/NasAudio/NASMusicTV/app/src/main/java/com/nasmusic/tv/backend/impl/DaoliyuAdapter.kt:51:18 This declaration overrides a deprecated member but is not marked as deprecated itself. Add the '@Deprecated' annotation or suppress the diagnostic.
w: file:///D:/hxzhang/MyGithubSoftware/NasAudio/NASMusicTV/app/src/main/java/com/nasmusic/tv/backend/impl/DaoliyuAdapter.kt:119:44 'fun create(contentType: MediaType?, content: String): RequestBody' is deprecated. Moved to extension function. Put the 'content' argument first to fix Java.
w: file:///D:/hxzhang/MyGithubSoftware/NasAudio/NASMusicTV/app/src/main/java/com/nasmusic/tv/backend/impl/DaoliyuAdapter.kt:485:44 'fun create(contentType: MediaType?, content: String): RequestBody' is deprecated. Moved to extension function. Put the 'content' argument first to fix Java.
w: file:///D:/hxzhang/MyGithubSoftware/NasAudio/NASMusicTV/app/src/main/java/com/nasmusic/tv/backend/impl/FeiniuAdapter.kt:60:18 This declaration overrides a deprecated member but is not marked as deprecated itself. Add the '@Deprecated' annotation or suppress the diagnostic.
w: file:///D:/hxzhang/MyGithubSoftware/NasAudio/NASMusicTV/app/src/main/java/com/nasmusic/tv/backend/impl/FeiniuAdapter.kt:155:44 'fun create(contentType: MediaType?, content: String): RequestBody' is deprecated. Moved to extension function. Put the 'content' argument first to fix Java.
w: file:///D:/hxzhang/MyGithubSoftware/NasAudio/NASMusicTV/app/src/main/java/com/nasmusic/tv/backend/impl/FeiniuAdapter.kt:175:49 Elvis operator (?:) always returns the left operand of non-nullable type 'HttpUrl'.
w: file:///D:/hxzhang/MyGithubSoftware/NasAudio/NASMusicTV/app/src/main/java/com/nasmusic/tv/backend/impl/FeiniuAdapter.kt:556:44 'fun create(contentType: MediaType?, content: String): RequestBody' is deprecated. Moved to extension function. Put the 'content' argument first to fix Java.
w: file:///D:/hxzhang/MyGithubSoftware/NasAudio/NASMusicTV/app/src/main/java/com/nasmusic/tv/backend/impl/JellyfinAdapter.kt:36:18 This declaration overrides a deprecated member but is not marked as deprecated itself. Add the '@Deprecated' annotation or suppress the diagnostic.
w: file:///D:/hxzhang/MyGithubSoftware/NasAudio/NASMusicTV/app/src/main/java/com/nasmusic/tv/backend/impl/NavidromeAdapter.kt:36:18 This declaration overrides a deprecated member but is not marked as deprecated itself. Add the '@Deprecated' annotation or suppress the diagnostic.
w: file:///D:/hxzhang/MyGithubSoftware/NasAudio/NASMusicTV/app/src/main/java/com/nasmusic/tv/backend/impl/SubsonicAdapter.kt:41:18 This declaration overrides a deprecated member but is not marked as deprecated itself. Add the '@Deprecated' annotation or suppress the diagnostic.
w: file:///D:/hxzhang/MyGithubSoftware/NasAudio/NASMusicTV/app/src/main/java/com/nasmusic/tv/backend/local/AlbumCoverResolver.kt:61:41 Unnecessary non-null assertion (!!) on a non-null receiver of type 'String'.
w: file:///D:/hxzhang/MyGithubSoftware/NasAudio/NASMusicTV/app/src/main/java/com/nasmusic/tv/backend/local/AlbumCoverResolver.kt:179:67 Java type mismatch: inferred type is 'Nothing?', but 'String' was expected.
w: file:///D:/hxzhang/MyGithubSoftware/NasAudio/NASMusicTV/app/src/main/java/com/nasmusic/tv/backend/local/ArtistCoverResolver.kt:114:67 Java type mismatch: inferred type is 'Nothing?', but 'String' was expected.
w: file:///D:/hxzhang/MyGithubSoftware/NasAudio/NASMusicTV/app/src/main/java/com/nasmusic/tv/backend/local/ArtistCoverResolver.kt:120:70 Java type mismatch: inferred type is 'Nothing?', but 'String' was expected.
w: file:///D:/hxzhang/MyGithubSoftware/NasAudio/NASMusicTV/app/src/main/java/com/nasmusic/tv/backend/local/ArtistCoverResolver.kt:154:67 Java type mismatch: inferred type is 'Nothing?', but 'String' was expected.
w: file:///D:/hxzhang/MyGithubSoftware/NasAudio/NASMusicTV/app/src/main/java/com/nasmusic/tv/backend/local/ArtistCoverResolver.kt:185:61 Java type mismatch: inferred type is 'Nothing?', but 'String' was expected.
w: file:///D:/hxzhang/MyGithubSoftware/NasAudio/NASMusicTV/app/src/main/java/com/nasmusic/tv/backend/local/db/LocalMusicDatabase.kt:32:18 'fun fallbackToDestructiveMigrationOnDowngrade(): RoomDatabase.Builder<LocalMusicDatabase>' is deprecated. Replace by overloaded version with parameter to indicate if all tables should be dropped or not.
w: file:///D:/hxzhang/MyGithubSoftware/NasAudio/NASMusicTV/app/src/main/java/com/nasmusic/tv/backend/weather/WeatherRadioManager.kt:153:42 Unnecessary safe call on a non-null receiver of type 'List<Song>'.
w: file:///D:/hxzhang/MyGithubSoftware/NasAudio/NASMusicTV/app/src/main/java/com/nasmusic/tv/data/prefs/AppPreferences.kt:1144:40 Elvis operator (?:) always returns the left operand of non-nullable type 'CloudDriveConfig'.
w: file:///D:/hxzhang/MyGithubSoftware/NasAudio/NASMusicTV/app/src/main/java/com/nasmusic/tv/player/PlayerManager.kt:400:41 Java type mismatch: inferred type is 'String?', but 'String' was expected.
w: file:///D:/hxzhang/MyGithubSoftware/NasAudio/NASMusicTV/app/src/main/java/com/nasmusic/tv/player/PlayerManager.kt:446:46 Condition is always 'true'.
w: file:///D:/hxzhang/MyGithubSoftware/NasAudio/NASMusicTV/app/src/main/java/com/nasmusic/tv/player/PlayerManager.kt:1492:60 Redundant call of conversion method.
w: file:///D:/hxzhang/MyGithubSoftware/NasAudio/NASMusicTV/app/src/main/java/com/nasmusic/tv/ui/screens/EqualizerScreen.kt:124:47 Unnecessary safe call on a non-null receiver of type 'EqualizerPreset'.
w: file:///D:/hxzhang/MyGithubSoftware/NasAudio/NASMusicTV/app/src/main/java/com/nasmusic/tv/ui/screens/LibraryScreen.kt:539:29 'when' is exhaustive so 'else' is redundant here.
w: file:///D:/hxzhang/MyGithubSoftware/NasAudio/NASMusicTV/app/src/main/java/com/nasmusic/tv/ui/screens/LibraryScreen.kt:611:29 'when' is exhaustive so 'else' is redundant here.
w: file:///D:/hxzhang/MyGithubSoftware/NasAudio/NASMusicTV/app/src/main/java/com/nasmusic/tv/ui/screens/NowPlayingScreen.kt:530:35 Unnecessary safe call on a non-null receiver of type 'Song'.
w: file:///D:/hxzhang/MyGithubSoftware/NasAudio/NASMusicTV/app/src/main/java/com/nasmusic/tv/ui/screens/SettingsScreen.kt:801:63 Unnecessary safe call on a non-null receiver of type 'Function0<Unit>'.
w: file:///D:/hxzhang/MyGithubSoftware/NasAudio/NASMusicTV/app/src/main/java/com/nasmusic/tv/ui/screens/SettingsScreen.kt:844:89 Unnecessary safe call on a non-null receiver of type 'Function0<Unit>'.
w: file:///D:/hxzhang/MyGithubSoftware/NasAudio/NASMusicTV/app/src/main/java/com/nasmusic/tv/ui/screens/SettingsScreen.kt:1484:59 Unnecessary safe call on a non-null receiver of type 'Function0<Unit>'.
w: file:///D:/hxzhang/MyGithubSoftware/NasAudio/NASMusicTV/app/src/main/java/com/nasmusic/tv/ui/screens/SettingsScreen.kt:1494:65 Unnecessary safe call on a non-null receiver of type 'Function0<Unit>'.
w: file:///D:/hxzhang/MyGithubSoftware/NasAudio/NASMusicTV/app/src/main/java/com/nasmusic/tv/ui/screens/SettingsScreen.kt:1534:53 Unnecessary non-null assertion (!!) on a non-null receiver of type 'BackupMessage'.
w: file:///D:/hxzhang/MyGithubSoftware/NasAudio/NASMusicTV/app/src/main/java/com/nasmusic/tv/ui/screens/SettingsScreen.kt:1535:58 Unnecessary non-null assertion (!!) on a non-null receiver of type 'BackupMessage'.
w: file:///D:/hxzhang/MyGithubSoftware/NasAudio/NASMusicTV/app/src/main/java/com/nasmusic/tv/ui/screens/library/RadioTab.kt:181:13 'when' is exhaustive so 'else' is redundant here.
w: file:///D:/hxzhang/MyGithubSoftware/NasAudio/NASMusicTV/app/src/main/java/com/nasmusic/tv/ui/viewmodel/MainViewModel.kt:1086:74 'val apiVersion: String' is deprecated. Use getApiVersion() instead.
w: file:///D:/hxzhang/MyGithubSoftware/NasAudio/NASMusicTV/app/src/main/java/com/nasmusic/tv/ui/viewmodel/MainViewModel.kt:1199:78 'val apiVersion: String' is deprecated. Use getApiVersion() instead.
w: file:///D:/hxzhang/MyGithubSoftware/NasAudio/NASMusicTV/app/src/main/java/com/nasmusic/tv/ui/viewmodel/MainViewModel.kt:2362:49 Unnecessary non-null assertion (!!) on a non-null receiver of type 'String'.
w: file:///D:/hxzhang/MyGithubSoftware/NasAudio/NASMusicTV/app/src/main/java/com/nasmusic/tv/ui/viewmodel/MainViewModel.kt:2394:49 Unnecessary non-null assertion (!!) on a non-null receiver of type 'String'.
w: file:///D:/hxzhang/MyGithubSoftware/NasAudio/NASMusicTV/app/src/main/java/com/nasmusic/tv/ui/viewmodel/MainViewModel.kt:3737:97 Unnecessary safe call on a non-null receiver of type 'LyricsAvailability'.
w: file:///D:/hxzhang/MyGithubSoftware/NasAudio/NASMusicTV/app/src/main/java/com/nasmusic/tv/ui/viewmodel/MainViewModel.kt:3970:36 This declaration needs opt-in. Its usage should be marked with '@coil.annotation.ExperimentalCoilApi' or '@OptIn(coil.annotation.ExperimentalCoilApi::class)'

> Task :app:compileReleaseJavaWithJavac
> Task :app:mergeReleaseGeneratedProguardFiles UP-TO-DATE
> Task :app:processReleaseJavaRes UP-TO-DATE
> Task :app:mergeReleaseJavaResource UP-TO-DATE
> Task :app:expandReleaseArtProfileWildcards
> Task :app:produceReleaseComposeMapping
> Task :app:reportReleaseComposeMappingErrors
> Task :app:minifyReleaseWithR8
> Task :app:mergeReleaseComposeMapping
> Task :app:compileReleaseArtProfile
> Task :app:convertShrunkResourcesToBinaryRelease
> Task :app:optimizeReleaseResources
> Task :app:packageRelease
> Task :app:createReleaseApkListingFileRedirect
> Task :app:assembleRelease

[Incubating] Problems report is available at: file:///D:/hxzhang/MyGithubSoftware/NasAudio/NASMusicTV/build/reports/problems/problems-report.html

BUILD SUCCESSFUL in 2m 9s
50 actionable tasks: 13 executed, 37 up-to-date
Consider enabling configuration cache to speed up this build: https://docs.gradle.org/9.5.0/userguide/configuration_cache_enabling.html
